------------------------------------------------------------
Timing Analyzer Summary
------------------------------------------------------------

Type  : Slow 1100mV 85C Model Setup 'CLOCK_50'
Slack : -10.650
TNS   : -4023.959

Type  : Slow 1100mV 85C Model Hold 'CLOCK_50'
Slack : 0.450
TNS   : 0.000

Type  : Slow 1100mV 85C Model Recovery 'KEY[0]'
Slack : -3.927
TNS   : -3.927

Type  : Slow 1100mV 85C Model Recovery 'KEY[1]'
Slack : -3.888
TNS   : -3.888

Type  : Slow 1100mV 85C Model Removal 'KEY[1]'
Slack : 0.980
TNS   : 0.000

Type  : Slow 1100mV 85C Model Removal 'KEY[0]'
Slack : 1.182
TNS   : 0.000

Type  : Slow 1100mV 85C Model Minimum Pulse Width 'CLOCK_50'
Slack : -0.538
TNS   : -522.253

Type  : Slow 1100mV 85C Model Minimum Pulse Width 'KEY[0]'
Slack : -0.538
TNS   : -0.878

Type  : Slow 1100mV 85C Model Minimum Pulse Width 'KEY[1]'
Slack : -0.538
TNS   : -0.862

Type  : Slow 1100mV 0C Model Setup 'CLOCK_50'
Slack : -10.789
TNS   : -3918.294

Type  : Slow 1100mV 0C Model Hold 'CLOCK_50'
Slack : 0.482
TNS   : 0.000

Type  : Slow 1100mV 0C Model Recovery 'KEY[0]'
Slack : -4.259
TNS   : -4.259

Type  : Slow 1100mV 0C Model Recovery 'KEY[1]'
Slack : -4.162
TNS   : -4.162

Type  : Slow 1100mV 0C Model Removal 'KEY[1]'
Slack : 1.163
TNS   : 0.000

Type  : Slow 1100mV 0C Model Removal 'KEY[0]'
Slack : 1.308
TNS   : 0.000

Type  : Slow 1100mV 0C Model Minimum Pulse Width 'CLOCK_50'
Slack : -0.538
TNS   : -460.407

Type  : Slow 1100mV 0C Model Minimum Pulse Width 'KEY[0]'
Slack : -0.538
TNS   : -0.903

Type  : Slow 1100mV 0C Model Minimum Pulse Width 'KEY[1]'
Slack : -0.538
TNS   : -0.894

Type  : Fast 1100mV 85C Model Setup 'CLOCK_50'
Slack : -4.913
TNS   : -1884.260

Type  : Fast 1100mV 85C Model Hold 'CLOCK_50'
Slack : 0.180
TNS   : 0.000

Type  : Fast 1100mV 85C Model Recovery 'KEY[0]'
Slack : -1.576
TNS   : -1.576

Type  : Fast 1100mV 85C Model Recovery 'KEY[1]'
Slack : -1.494
TNS   : -1.494

Type  : Fast 1100mV 85C Model Removal 'KEY[1]'
Slack : 0.229
TNS   : 0.000

Type  : Fast 1100mV 85C Model Removal 'KEY[0]'
Slack : 0.381
TNS   : 0.000

Type  : Fast 1100mV 85C Model Minimum Pulse Width 'KEY[1]'
Slack : -0.427
TNS   : -1.246

Type  : Fast 1100mV 85C Model Minimum Pulse Width 'KEY[0]'
Slack : -0.425
TNS   : -1.179

Type  : Fast 1100mV 85C Model Minimum Pulse Width 'CLOCK_50'
Slack : -0.409
TNS   : -268.404

Type  : Fast 1100mV 0C Model Setup 'CLOCK_50'
Slack : -4.396
TNS   : -1625.398

Type  : Fast 1100mV 0C Model Hold 'CLOCK_50'
Slack : 0.169
TNS   : 0.000

Type  : Fast 1100mV 0C Model Recovery 'KEY[0]'
Slack : -1.382
TNS   : -1.382

Type  : Fast 1100mV 0C Model Recovery 'KEY[1]'
Slack : -1.300
TNS   : -1.300

Type  : Fast 1100mV 0C Model Removal 'KEY[1]'
Slack : 0.205
TNS   : 0.000

Type  : Fast 1100mV 0C Model Removal 'KEY[0]'
Slack : 0.334
TNS   : 0.000

Type  : Fast 1100mV 0C Model Minimum Pulse Width 'KEY[1]'
Slack : -0.470
TNS   : -1.456

Type  : Fast 1100mV 0C Model Minimum Pulse Width 'KEY[0]'
Slack : -0.470
TNS   : -1.399

Type  : Fast 1100mV 0C Model Minimum Pulse Width 'CLOCK_50'
Slack : -0.446
TNS   : -318.479

------------------------------------------------------------
