------------------------------------------------------------
Timing Analyzer Summary
------------------------------------------------------------

Type  : Slow 1100mV 85C Model Setup 'CLOCK_50'
Slack : -10.791
TNS   : -5358.871

Type  : Slow 1100mV 85C Model Hold 'CLOCK_50'
Slack : 0.448
TNS   : 0.000

Type  : Slow 1100mV 85C Model Recovery 'KEY[1]'
Slack : -5.050
TNS   : -5.050

Type  : Slow 1100mV 85C Model Recovery 'KEY[2]'
Slack : -4.947
TNS   : -4.947

Type  : Slow 1100mV 85C Model Recovery 'KEY[3]'
Slack : -4.516
TNS   : -4.516

Type  : Slow 1100mV 85C Model Removal 'KEY[1]'
Slack : 1.354
TNS   : 0.000

Type  : Slow 1100mV 85C Model Removal 'KEY[3]'
Slack : 1.427
TNS   : 0.000

Type  : Slow 1100mV 85C Model Removal 'KEY[2]'
Slack : 1.538
TNS   : 0.000

Type  : Slow 1100mV 85C Model Minimum Pulse Width 'KEY[3]'
Slack : -0.587
TNS   : -1.125

Type  : Slow 1100mV 85C Model Minimum Pulse Width 'CLOCK_50'
Slack : -0.538
TNS   : -607.373

Type  : Slow 1100mV 85C Model Minimum Pulse Width 'KEY[1]'
Slack : -0.538
TNS   : -1.076

Type  : Slow 1100mV 85C Model Minimum Pulse Width 'KEY[2]'
Slack : -0.538
TNS   : -0.941

Type  : Slow 1100mV 0C Model Setup 'CLOCK_50'
Slack : -10.831
TNS   : -5260.052

Type  : Slow 1100mV 0C Model Hold 'CLOCK_50'
Slack : 0.453
TNS   : 0.000

Type  : Slow 1100mV 0C Model Recovery 'KEY[1]'
Slack : -5.246
TNS   : -5.246

Type  : Slow 1100mV 0C Model Recovery 'KEY[2]'
Slack : -5.148
TNS   : -5.148

Type  : Slow 1100mV 0C Model Recovery 'KEY[3]'
Slack : -4.725
TNS   : -4.725

Type  : Slow 1100mV 0C Model Removal 'KEY[1]'
Slack : 1.442
TNS   : 0.000

Type  : Slow 1100mV 0C Model Removal 'KEY[3]'
Slack : 1.561
TNS   : 0.000

Type  : Slow 1100mV 0C Model Removal 'KEY[2]'
Slack : 1.636
TNS   : 0.000

Type  : Slow 1100mV 0C Model Minimum Pulse Width 'KEY[3]'
Slack : -0.654
TNS   : -1.192

Type  : Slow 1100mV 0C Model Minimum Pulse Width 'CLOCK_50'
Slack : -0.538
TNS   : -539.270

Type  : Slow 1100mV 0C Model Minimum Pulse Width 'KEY[1]'
Slack : -0.538
TNS   : -1.173

Type  : Slow 1100mV 0C Model Minimum Pulse Width 'KEY[2]'
Slack : -0.538
TNS   : -0.952

Type  : Fast 1100mV 85C Model Setup 'CLOCK_50'
Slack : -5.215
TNS   : -2519.492

Type  : Fast 1100mV 85C Model Hold 'CLOCK_50'
Slack : 0.184
TNS   : 0.000

Type  : Fast 1100mV 85C Model Recovery 'KEY[3]'
Slack : -2.252
TNS   : -2.252

Type  : Fast 1100mV 85C Model Recovery 'KEY[1]'
Slack : -1.993
TNS   : -1.993

Type  : Fast 1100mV 85C Model Recovery 'KEY[2]'
Slack : -1.971
TNS   : -1.971

Type  : Fast 1100mV 85C Model Removal 'KEY[1]'
Slack : 0.310
TNS   : 0.000

Type  : Fast 1100mV 85C Model Removal 'KEY[2]'
Slack : 0.376
TNS   : 0.000

Type  : Fast 1100mV 85C Model Removal 'KEY[3]'
Slack : 0.776
TNS   : 0.000

Type  : Fast 1100mV 85C Model Minimum Pulse Width 'KEY[3]'
Slack : -0.775
TNS   : -2.480

Type  : Fast 1100mV 85C Model Minimum Pulse Width 'KEY[1]'
Slack : -0.580
TNS   : -1.764

Type  : Fast 1100mV 85C Model Minimum Pulse Width 'KEY[2]'
Slack : -0.491
TNS   : -1.507

Type  : Fast 1100mV 85C Model Minimum Pulse Width 'CLOCK_50'
Slack : -0.409
TNS   : -310.013

Type  : Fast 1100mV 0C Model Setup 'CLOCK_50'
Slack : -4.574
TNS   : -2183.385

Type  : Fast 1100mV 0C Model Hold 'CLOCK_50'
Slack : 0.175
TNS   : 0.000

Type  : Fast 1100mV 0C Model Recovery 'KEY[3]'
Slack : -2.070
TNS   : -2.070

Type  : Fast 1100mV 0C Model Recovery 'KEY[2]'
Slack : -1.745
TNS   : -1.745

Type  : Fast 1100mV 0C Model Recovery 'KEY[1]'
Slack : -1.742
TNS   : -1.742

Type  : Fast 1100mV 0C Model Removal 'KEY[1]'
Slack : 0.269
TNS   : 0.000

Type  : Fast 1100mV 0C Model Removal 'KEY[2]'
Slack : 0.343
TNS   : 0.000

Type  : Fast 1100mV 0C Model Removal 'KEY[3]'
Slack : 0.804
TNS   : 0.000

Type  : Fast 1100mV 0C Model Minimum Pulse Width 'KEY[3]'
Slack : -0.814
TNS   : -2.853

Type  : Fast 1100mV 0C Model Minimum Pulse Width 'KEY[1]'
Slack : -0.636
TNS   : -1.991

Type  : Fast 1100mV 0C Model Minimum Pulse Width 'KEY[2]'
Slack : -0.543
TNS   : -1.702

Type  : Fast 1100mV 0C Model Minimum Pulse Width 'CLOCK_50'
Slack : -0.446
TNS   : -371.301

------------------------------------------------------------
