------------------------------------------------------------
Timing Analyzer Summary
------------------------------------------------------------

Type  : Slow 1100mV 85C Model Setup 'KEY[0]'
Slack : -10.869
TNS   : -18641.616

Type  : Slow 1100mV 85C Model Hold 'KEY[0]'
Slack : 0.615
TNS   : 0.000

Type  : Slow 1100mV 85C Model Minimum Pulse Width 'KEY[0]'
Slack : -0.646
TNS   : -2523.650

Type  : Slow 1100mV 0C Model Setup 'KEY[0]'
Slack : -10.836
TNS   : -18229.932

Type  : Slow 1100mV 0C Model Hold 'KEY[0]'
Slack : 0.567
TNS   : 0.000

Type  : Slow 1100mV 0C Model Minimum Pulse Width 'KEY[0]'
Slack : -0.563
TNS   : -2336.084

Type  : Fast 1100mV 85C Model Setup 'KEY[0]'
Slack : -5.397
TNS   : -8393.860

Type  : Fast 1100mV 85C Model Hold 'KEY[0]'
Slack : 0.334
TNS   : 0.000

Type  : Fast 1100mV 85C Model Minimum Pulse Width 'KEY[0]'
Slack : -0.683
TNS   : -2164.663

Type  : Fast 1100mV 0C Model Setup 'KEY[0]'
Slack : -4.691
TNS   : -7339.975

Type  : Fast 1100mV 0C Model Hold 'KEY[0]'
Slack : 0.296
TNS   : 0.000

Type  : Fast 1100mV 0C Model Minimum Pulse Width 'KEY[0]'
Slack : -0.682
TNS   : -2188.055

------------------------------------------------------------
